E:\Home\MassTransit\src\Containers\MassTransit.AutoFacIntegration\MassTransit.AutoFacIntegration.csproj
E:\Home\MassTransit\src\Containers\MassTransit.NinjectIntegration\MassTransit.NinjectIntegration.csproj
E:\Home\MassTransit\src\Containers\MassTransit.SimpleInjectorIntegration\MassTransit.SimpleInjectorIntegration.csproj
E:\Home\MassTransit\src\Containers\MassTransit.StructureMapIntegration\MassTransit.StructureMapIntegration.csproj
E:\Home\MassTransit\src\Containers\MassTransit.UnityIntegration\MassTransit.UnityIntegration.csproj
E:\Home\MassTransit\src\Containers\MassTransit.WindsorIntegration\MassTransit.WindsorIntegration.csproj
E:\Home\MassTransit\src\Loggers\MassTransit.Log4NetIntegration\MassTransit.Log4NetIntegration.csproj
E:\Home\MassTransit\src\Loggers\MassTransit.NLogIntegration\MassTransit.NLogIntegration.csproj
E:\Home\MassTransit\src\MassTransit\MassTransit.csproj
E:\Home\MassTransit\src\MassTransit.AutomatonymousIntegration\MassTransit.AutomatonymousIntegration.csproj
E:\Home\MassTransit\src\MassTransit.AzureServiceBusTransport\MassTransit.AzureServiceBusTransport.csproj
E:\Home\MassTransit\src\MassTransit.QuartzIntegration\MassTransit.QuartzIntegration.csproj
E:\Home\MassTransit\src\MassTransit.RabbitMqTransport\MassTransit.RabbitMqTransport.csproj
E:\Home\MassTransit\src\MassTransit.Reactive\MassTransit.Reactive.csproj
E:\Home\MassTransit\src\MassTransit.TestFramework\MassTransit.TestFramework.csproj
E:\Home\MassTransit\src\Persistence\MassTransit.EntityFrameworkIntegration\MassTransit.EntityFrameworkIntegration.csproj
E:\Home\MassTransit\src\Persistence\MassTransit.NHibernateIntegration\MassTransit.NHibernateIntegration.csproj
E:\Home\Automatonymous\src\Automatonymous\Automatonymous.csproj
E:\Home\Automatonymous\src\Automatonymous.NHibernateIntegration\Automatonymous.NHibernateIntegration.csproj
E:\Home\Automatonymous\src\Automatonymous.Visualizer\Automatonymous.Visualizer.csproj